// Jest Snapshot v1, https://goo.gl/fbAQLP

exports[`renders with more than one versions 1`] = `
<div>
  <div
    class="ui divided selection relaxed list"
    role="list"
  >
    <div
      class="item"
      role="listitem"
    >
      <h4
        class="header"
      >
        Document Versions (
        3
        )
        <button
          class="ui mini icon primary right floated left labeled button"
        >
          <i
            aria-hidden="true"
            class="cloud upload icon"
          />
          UPLOAD VERSION
        </button>
      </h4>
    </div>
    <div
      class="item"
      role="listitem"
    >
      <div
        class="content"
      >
        <div
          class="ui mini labels"
        >
          <button
            class="ui orange ribbon label"
          >
            VersionFileName.js
          </button>
          <div
            class="ui basic image label"
          >
            <img
              alt="xuzhu"
              src="https://lh5.googleusercontent.com/-zxrKRZrDo9w/AAAAAAAAAAI/AAAAAAAAABI/49brkBWBNdQ/photo.jpg"
            />
            <time
              datetime="2018-09-27T05:32:26.000Z"
              title="2018-09-27T05:32:26+00:00"
            >
              7 months ago
            </time>
          </div>
          <button
            class="ui basic label"
          >
            <i
              aria-hidden="true"
              class="download icon"
            />
            5.5 kB
          </button>
          <button
            class="ui basic label"
          >
            <i
              aria-hidden="true"
              class="copy icon"
            />
            FV_DMTKEFQW
          </button>
          <div
            class="ui purple tag label"
          >
            LATEST
          </div>
        </div>
        <div
          class="description"
        >
          version description
        </div>
      </div>
    </div>
    <div
      class="item"
      role="listitem"
    >
      <div
        class="content"
      >
        <div
          class="ui mini labels"
        >
          <button
            class="ui orange ribbon label"
          >
            VersionFileName.js
          </button>
          <div
            class="ui basic image label"
          >
            <img
              alt="xuzhu"
              src="https://lh5.googleusercontent.com/-zxrKRZrDo9w/AAAAAAAAAAI/AAAAAAAAABI/49brkBWBNdQ/photo.jpg"
            />
            <time
              datetime="2018-08-21T03:16:11.000Z"
              title="2018-08-21T03:16:11+00:00"
            >
              8 months ago
            </time>
          </div>
          <button
            class="ui basic label"
          >
            <i
              aria-hidden="true"
              class="download icon"
            />
            9.9 kB
          </button>
          <button
            class="ui basic label"
          >
            <i
              aria-hidden="true"
              class="copy icon"
            />
            FV_TT8NF09R
          </button>
        </div>
        <div
          class="description"
        >
          version description
        </div>
      </div>
    </div>
    <div
      class="item"
      role="listitem"
    >
      <div
        class="content"
      >
        <div
          class="ui mini labels"
        >
          <button
            class="ui orange ribbon label"
          >
            VersionFileName.js
          </button>
          <div
            class="ui basic image label"
          >
            <img
              alt="xuzhu"
              src="https://lh5.googleusercontent.com/-zxrKRZrDo9w/AAAAAAAAAAI/AAAAAAAAABI/49brkBWBNdQ/photo.jpg"
            />
            <time
              datetime="2017-08-25T00:05:30.000Z"
              title="2017-08-25T00:05:30+00:00"
            >
              2 years ago
            </time>
          </div>
          <button
            class="ui basic label"
          >
            <i
              aria-hidden="true"
              class="download icon"
            />
            5.4 kB
          </button>
          <button
            class="ui basic label"
          >
            <i
              aria-hidden="true"
              class="copy icon"
            />
            FV_2WV3VNJN
          </button>
        </div>
        <div
          class="description"
        >
          version description
        </div>
      </div>
    </div>
  </div>
</div>
`;
