// Jest Snapshot v1, https://goo.gl/fbAQLP

exports[`renders callback view correctly with history mock 1`] = `
<div>
  <div
    class="ui fluid placeholder height-50"
  >
    <div
      class="image"
    />
  </div>
  <div
    class="ui basic segment ui container"
  >
    <div
      class="ui fluid placeholder"
    >
      <div
        class="header"
      >
        <div
          class="line"
        />
        <div
          class="line"
        />
      </div>
      <div
        class="paragraph"
      >
        <div
          class="line"
        />
        <div
          class="line"
        />
        <div
          class="line"
        />
      </div>
    </div>
  </div>
</div>
`;
