// Jest Snapshot v1, https://goo.gl/fbAQLP

exports[`redirect user back to login view when there is no auth data 1`] = `
<div>
  <div
    class="ui grid"
  >
    <div
      class="eight wide computer fifteen wide mobile twelve wide tablet column"
    >
      <div
        class="ui placeholder segment"
      >
        <div
          class="ui active transition visible inverted dimmer"
          style="display: flex;"
        >
          <div
            class="content"
          >
            <div
              class="ui huge inverted text loader"
            >
              <h2
                class="ui header mt-6 mb-15"
              >
                Kids First Data Tracker
              </h2>
              Redirecing you to the login page...
            </div>
          </div>
        </div>
      </div>
    </div>
  </div>
  <div
    class="page"
  />
  <div
    class="ui segment footer"
  >
    <div
      class="ui container text-10"
    >
      <div
        class="ui horizontal list"
        role="list"
      >
        <div
          class="item"
          role="listitem"
        >
          <div
            class="ui basic horizontal label text-10"
          />
        </div>
        <div
          class="item"
          role="listitem"
        >
          UI
           
          <a
            href="https://github.com/kids-first/kf-ui-data-tracker/commit/undefined"
            rel="noopener noreferrer"
            target="_blank"
          />
        </div>
      </div>
    </div>
  </div>
</div>
`;
