// Jest Snapshot v1, https://goo.gl/fbAQLP

exports[`renders cavatica project list correctly - default look 1`] = `
<div>
  <div
    class="ui divided relaxed list"
    role="list"
  >
    <div
      class="item"
      role="listitem"
    >
      <div
        class="right floated content"
      >
        <a
          href="/study/SD_WGP8RW3W/basic-info/info"
        >
          Test Study
        </a>
        <button
          class="ui mini basic primary right floated button"
        >
          <i
            aria-hidden="true"
            class="pencil icon"
          />
          EDIT
        </button>
      </div>
      <i
        aria-hidden="true"
        class="paper plane outline icon"
      />
      <div
        class="content"
      >
        <a
          class="header"
          href="https://cavatica.sbgenomics.com/u/kfdrc-harmonization/sd-e1br2tfk"
          target="_blank"
        >
          data harmonization 
          <i
            aria-hidden="true"
            class="external small link icon"
          />
        </a>
        <div
          class="ui bulleted horizontal list"
          role="list"
        >
          <div
            class="item"
            role="listitem"
          >
            Created
             by kfdrc-harmonization 
            <time
              datetime="2019-06-10T14:49:01.000Z"
              title="10 Jun 2019"
            >
              2 months from now
            </time>
          </div>
          <div
            class="item"
            role="listitem"
          >
            bwa_mem
          </div>
          <div
            class="item"
            role="listitem"
          >
            <code>
              kfdrc-harmonization/sd-e1br2tfk
            </code>
          </div>
        </div>
      </div>
    </div>
    <div
      class="item"
      role="listitem"
    >
      <div
        class="right floated content"
      >
        Not linked
        <button
          class="ui mini basic primary right floated button"
        >
          <i
            aria-hidden="true"
            class="pencil icon"
          />
          EDIT
        </button>
      </div>
      <i
        aria-hidden="true"
        class="sliders horizontal icon"
      />
      <div
        class="content"
      >
        <a
          class="header"
          href="https://cavatica.sbgenomics.com/u/kfdrc-harmonization/sd-jws3v24d-01"
          target="_blank"
        >
          Test Joint Genotyping 
          <i
            aria-hidden="true"
            class="external small link icon"
          />
        </a>
        <div
          class="ui bulleted horizontal list"
          role="list"
        >
          <div
            class="item"
            role="listitem"
          >
            Created
             by kfdrc-harmonization 
            <time
              datetime="2019-05-21T14:13:10.000Z"
              title="21 May 2019"
            >
              4 weeks from now
            </time>
          </div>
          <div
            class="item"
            role="listitem"
          >
            bwa_mem
          </div>
          <div
            class="item"
            role="listitem"
          >
            <code>
              kfdrc-harmonization/sd-jws3v24d-01
            </code>
          </div>
        </div>
      </div>
    </div>
    <div
      class="item"
      role="listitem"
    >
      <div
        class="right floated content"
      >
        Not linked
        <button
          class="ui mini basic primary right floated button"
        >
          <i
            aria-hidden="true"
            class="pencil icon"
          />
          EDIT
        </button>
      </div>
      <i
        aria-hidden="true"
        class="sliders horizontal icon"
      />
      <div
        class="content"
      >
        <a
          class="header"
          href="https://cavatica.sbgenomics.com/u/kfdrc-harmonization/sd-jws3v24d-bwa-mem"
          target="_blank"
        >
          Testing 
          <i
            aria-hidden="true"
            class="external small link icon"
          />
        </a>
        <div
          class="ui bulleted horizontal list"
          role="list"
        >
          <div
            class="item"
            role="listitem"
          >
            Created
             by kfdrc-harmonization 
            <time
              datetime="2019-05-21T14:13:00.000Z"
              title="21 May 2019"
            >
              4 weeks from now
            </time>
          </div>
          <div
            class="item"
            role="listitem"
          >
            bwa_mem
          </div>
          <div
            class="item"
            role="listitem"
          >
            <code>
              kfdrc-harmonization/sd-jws3v24d-bwa-mem
            </code>
          </div>
        </div>
      </div>
    </div>
    <div
      class="item"
      role="listitem"
    >
      <div
        class="right floated middle aligned content"
      />
      <i
        aria-hidden="true"
        class="grey paper plane outline icon"
      />
      <div
        class="content"
      >
        <div
          class="ui tiny disabled right floated header"
        >
          Deleted
        </div>
        <div
          class="ui grey tiny header header"
        >
          SD_WGP8RW3W gatk-haplotypecaller 
        </div>
        <div
          class="ui bulleted horizontal list"
          role="list"
        >
          <div
            class="disabled item"
            role="listitem"
          >
            Created
             by kolbmand 
            <time
              datetime="2019-08-14T18:29:01.000Z"
              title="14 Aug 2019"
            >
              4 months from now
            </time>
          </div>
          <div
            class="disabled item"
            role="listitem"
          >
            bwa_mem
          </div>
          <div
            class="disabled item"
            role="listitem"
          >
            <code>
              kolbmand/sd-wgp8rw3w-gatk-haplotypecaller
            </code>
          </div>
        </div>
      </div>
    </div>
  </div>
</div>
`;

exports[`renders cavatica project list correctly - no data 1`] = `
<div>
  <div
    class="ui divided relaxed list"
    role="list"
  />
</div>
`;
