// Jest Snapshot v1, https://goo.gl/fbAQLP

exports[`renders with uploaded file name 1`] = `<div />`;
