// Jest Snapshot v1, https://goo.gl/fbAQLP

exports[`render file detail view with an error 1`] = `
<div>
  <div
    class="ui large top attached menu"
  >
    <div
      class="ui container"
    >
      <div
        class="item"
      >
        <img
          alt="Kids First logo"
          src="test-file-stub"
        />
      </div>
      <a
        aria-current="page"
        class="header item"
        href="/"
      >
        Data Tracker
      </a>
      <a
        class="item"
        href="/"
      >
        Studies
      </a>
      <div
        class="right menu"
      >
        <div
          aria-expanded="false"
          class="ui dropdown link item"
          role="listbox"
          tabindex="0"
        >
          Admin
          <i
            aria-hidden="true"
            class="dropdown icon"
          />
          <div
            class="menu transition"
          >
            <a
              class="item"
              href="/configuration"
              role="option"
            >
              <i
                aria-hidden="true"
                class="settings icon"
              />
              Configuration
            </a>
            <a
              class="item"
              href="/buckets"
              role="option"
            >
              <i
                aria-hidden="true"
                class="trash icon"
              />
              Buckets
            </a>
            <a
              class="item"
              href="/tokens"
              role="option"
            >
              <i
                aria-hidden="true"
                class="key icon"
              />
              Developer Tokens
            </a>
            <a
              class="item"
              href="/cavatica-projects"
              role="option"
            >
              <i
                aria-hidden="true"
                class="folder open icon"
              />
              Cavatica Projects
            </a>
            <a
              class="item"
              href="/events"
              role="option"
            >
              <i
                aria-hidden="true"
                class="history icon"
              />
              Event Log
            </a>
            <a
              class="item"
              href="/users"
              role="option"
            >
              <i
                aria-hidden="true"
                class="users icon"
              />
              Users
            </a>
          </div>
        </div>
        <div
          aria-expanded="false"
          class="ui dropdown link item"
          role="listbox"
          tabindex="0"
        >
          <img
            alt="bendolly"
            class="ui avatar image"
            src="https://lh3.googleusercontent.com/-7Agefge42sw/AAAAAAAAAAI/AAAAAAAAAAA/ACHi3reWt8KI4nO_arpKCb4FzokaKnLgtg/mo/photo.jpg"
          />
          bendolly
          <i
            aria-hidden="true"
            class="dropdown icon"
          />
          <div
            class="menu transition"
          >
            <a
              class="item"
              href="/profile"
              role="option"
            >
              <i
                aria-hidden="true"
                class="user icon"
              />
              Profile
            </a>
            <a
              class="item"
              href="/logout"
              role="option"
            >
              <i
                aria-hidden="true"
                class="log out icon"
              />
              Logout
            </a>
          </div>
        </div>
      </div>
    </div>
  </div>
  <div
    class="page"
  >
    <section
      id="study"
    >
      <div
        class="ui basic secondary segment"
      >
        <div
          class="ui container"
        >
          <h1
            class="ui header"
          >
            benchmark extensible e-business
          </h1>
          <button
            class="ui tiny basic icon button"
          >
            <i
              aria-hidden="true"
              class="copy icon"
            />
            SD_8WX8QQ06
          </button>
        </div>
      </div>
      <div
        class="ui container"
      >
        <div
          class="ui pink pointing secondary menu"
        >
          <a
            class="item"
            href="/study/SD_8WX8QQ06/basic-info/info"
          >
            Basic Info
          </a>
          <a
            aria-current="page"
            class="active item active"
            href="/study/SD_8WX8QQ06/documents"
          >
            Documents
          </a>
          <a
            class="item"
            href="/study/SD_8WX8QQ06/cavatica"
          >
            Cavatica
          </a>
          <a
            class="item"
            href="/study/SD_8WX8QQ06/collaborators"
          >
            Collaborators
          </a>
          <a
            class="item"
            href="/study/SD_8WX8QQ06/logs"
          >
            Logs
          </a>
          <a
            class="item"
            href="/study/SD_8WX8QQ06/releases"
          >
            Releases
            <div
              class="ui blue mini label"
            >
              BETA
            </div>
          </a>
        </div>
      </div>
    </section>
    <div
      class="ui basic vertical segment ui container"
    >
      <div
        class="ui icon negative message"
      >
        <i
          aria-hidden="true"
          class="warning circle icon"
        />
        <div
          class="content"
        >
          <div
            class="header"
          >
            Error
          </div>
          <p>
            Network error: Failed to get the file information
          </p>
        </div>
      </div>
    </div>
  </div>
  <div
    class="ui segment footer"
  >
    <div
      class="ui container text-10"
    >
      <div
        class="ui horizontal list"
        role="list"
      >
        <div
          class="item"
          role="listitem"
        >
          <div
            class="ui basic horizontal label text-10"
          />
        </div>
        <div
          class="item"
          role="listitem"
        >
          UI
           
          <a
            href="https://github.com/kids-first/kf-ui-data-tracker/commit/undefined"
            rel="noopener noreferrer"
            target="_blank"
          />
        </div>
      </div>
    </div>
  </div>
</div>
`;
