// Jest Snapshot v1, https://goo.gl/fbAQLP

exports[`renders the configuration page 1`] = `
<div>
  <div
    class="ui basic segment ui container"
  >
    <h3
      class="ui header"
    >
      Data Tracker Configuration
    </h3>
    <div
      class="ui basic segment"
    >
      These are the features and settings that the Data Tracker is running with. They are for debug purposes only and require deployment changes to be modified.
    </div>
    <h4
      class="ui header"
    >
      Feature Flags
    </h4>
    <table
      class="ui table"
    >
      <thead
        class=""
      >
        <tr
          class=""
        >
          <th
            class=""
          >
            Feature
          </th>
          <th
            class="center aligned"
          >
            Enabled
          </th>
        </tr>
      </thead>
      <tbody
        class=""
      >
        <tr
          class="positive"
        >
          <td
            class=""
          >
            studyCreation
          </td>
          <td
            class="center aligned"
          >
            <i
              aria-hidden="true"
              class="check icon"
            />
          </td>
        </tr>
        <tr
          class="positive"
        >
          <td
            class=""
          >
            studyUpdates
          </td>
          <td
            class="center aligned"
          >
            <i
              aria-hidden="true"
              class="check icon"
            />
          </td>
        </tr>
        <tr
          class="positive"
        >
          <td
            class=""
          >
            cavaticaCreateProjects
          </td>
          <td
            class="center aligned"
          >
            <i
              aria-hidden="true"
              class="check icon"
            />
          </td>
        </tr>
        <tr
          class="positive"
        >
          <td
            class=""
          >
            cavaticaCopyUsers
          </td>
          <td
            class="center aligned"
          >
            <i
              aria-hidden="true"
              class="check icon"
            />
          </td>
        </tr>
        <tr
          class="warning"
        >
          <td
            class=""
          >
            cavaticaMountVolumes
          </td>
          <td
            class="center aligned"
          >
            <i
              aria-hidden="true"
              class="delete icon"
            />
          </td>
        </tr>
        <tr
          class="warning"
        >
          <td
            class=""
          >
            bucketserviceCreateBuckets
          </td>
          <td
            class="center aligned"
          >
            <i
              aria-hidden="true"
              class="delete icon"
            />
          </td>
        </tr>
      </tbody>
    </table>
    <h4
      class="ui header"
    >
      Settings
    </h4>
    <table
      class="ui table"
    >
      <thead
        class=""
      >
        <tr
          class=""
        >
          <th
            class=""
          >
            Setting
          </th>
          <th
            class="left aligned"
          >
            Value
          </th>
        </tr>
      </thead>
      <tbody
        class=""
      >
        <tr
          class=""
        >
          <td
            class=""
          >
            dataserviceUrl
          </td>
          <td
            class="left aligned"
          >
            http://dataservice
          </td>
        </tr>
        <tr
          class=""
        >
          <td
            class=""
          >
            bucketserviceUrl
          </td>
          <td
            class="left aligned"
          >
            http://bucketservice
          </td>
        </tr>
        <tr
          class=""
        >
          <td
            class=""
          >
            cavaticaUrl
          </td>
          <td
            class="left aligned"
          >
            https://cavatica-api.sbgenomics.com/v2
          </td>
        </tr>
        <tr
          class=""
        >
          <td
            class=""
          >
            cavaticaDeliveryAccount
          </td>
          <td
            class="left aligned"
          >
            kids-first-dev
          </td>
        </tr>
        <tr
          class=""
        >
          <td
            class=""
          >
            cavaticaHarmonizationAccount
          </td>
          <td
            class="left aligned"
          />
        </tr>
        <tr
          class=""
        >
          <td
            class=""
          >
            cavaticaUserAccessProject
          </td>
          <td
            class="left aligned"
          >
            kids-first-drc/user-access
          </td>
        </tr>
      </tbody>
    </table>
    <h4
      class="ui header"
    >
      Queues
    </h4>
    <table
      class="ui table"
    >
      <thead
        class=""
      >
        <tr
          class=""
        >
          <th
            class=""
          >
            Queue
          </th>
          <th
            class=""
          >
            Jobs
          </th>
          <th
            class=""
          >
            Workers
          </th>
          <th
            class="right aligned"
          >
            Started Jobs
          </th>
          <th
            class="right aligned"
          >
            Failed Jobs
          </th>
          <th
            class="right aligned"
          >
            Finished Jobs
          </th>
        </tr>
      </thead>
      <tbody
        class=""
      >
        <tr
          class=""
        >
          <td
            class=""
          >
            cavatica
          </td>
          <td
            class=""
          >
            0
          </td>
          <td
            class=""
          >
            0
          </td>
          <td
            class="right aligned"
          >
            0
          </td>
          <td
            class="right aligned"
          >
            0
          </td>
          <td
            class="right aligned"
          >
            1
          </td>
        </tr>
        <tr
          class=""
        >
          <td
            class=""
          >
            default
          </td>
          <td
            class=""
          >
            0
          </td>
          <td
            class=""
          >
            0
          </td>
          <td
            class="right aligned"
          >
            0
          </td>
          <td
            class="right aligned"
          >
            0
          </td>
          <td
            class="right aligned"
          >
            0
          </td>
        </tr>
      </tbody>
    </table>
    <h4
      class="ui header"
    >
      Jobs
    </h4>
    <table
      class="ui table"
    >
      <thead
        class=""
      >
        <tr
          class=""
        >
          <th
            class=""
          >
            Job
          </th>
          <th
            class="center aligned"
          >
            Status
          </th>
          <th
            class=""
          >
            Error Message
          </th>
          <th
            class="right aligned"
          >
            Last Run
          </th>
          <th
            class="right aligned"
          >
            Next Run
          </th>
        </tr>
      </thead>
      <tbody
        class=""
      >
        <tr
          class=""
        >
          <td
            class=""
          >
            cavatica_sync
          </td>
          <td
            class="center aligned"
          >
            <i
              aria-hidden="true"
              class="check icon"
            />
          </td>
          <td
            class=""
          >
            
          </td>
          <td
            class="right aligned"
          >
            <time
              datetime="2020-02-10T19:16:43.821Z"
              title="2020-02-10T19:16:43.821120+00:00"
            >
              10 months from now
            </time>
          </td>
          <td
            class="right aligned"
          >
            <time
              datetime="2020-02-10T19:21:37.000Z"
              title="2020-02-10T19:21:37+00:00"
            >
              10 months from now
            </time>
          </td>
        </tr>
      </tbody>
    </table>
  </div>
</div>
`;
