// Jest Snapshot v1, https://goo.gl/fbAQLP

exports[`renders without files 1`] = `
<div>
  <div
    class="ui basic segment"
  >
    <div
      class="ui icon center aligned header"
    >
      <i
        aria-hidden="true"
        class="file alternate outline icon"
      />
      You don't have any documents yet.
    </div>
  </div>
</div>
`;
