// Jest Snapshot v1, https://goo.gl/fbAQLP

exports[`renders token list correctly - no data 1`] = `
<div>
  <div
    class="ui relaxed list"
    role="list"
  />
</div>
`;
