// Jest Snapshot v1, https://goo.gl/fbAQLP

exports[`renders ListFilterBar with files 1`] = `
<div>
  <div
    class="ui basic clearing segment noHorizontalPadding"
  >
    <div
      class="ui basic compact left floated segment noMargin noVerticalPadding noHorizontalPadding"
    >
      <span
        class="smallLabel"
      >
        Filter by:
      </span>
      <div
        aria-expanded="false"
        class="ui selection dropdown"
        role="listbox"
        tabindex="0"
      >
        <div
          aria-live="polite"
          class="default text"
          role="alert"
        >
          Approval status
        </div>
        <i
          aria-hidden="true"
          class="dropdown icon"
        />
        <div
          class="menu transition"
        >
          <div
            aria-checked="false"
            aria-selected="true"
            class="selected item"
            role="option"
            style="pointer-events: all;"
          >
            <div
              class="ui orange tiny basic label text"
            >
              Pending review
            </div>
          </div>
          <div
            aria-checked="false"
            aria-selected="false"
            class="item"
            role="option"
            style="pointer-events: all;"
          >
            <div
              class="ui teal tiny basic label text"
            >
              Approved
            </div>
          </div>
          <div
            aria-checked="false"
            aria-selected="false"
            class="item"
            role="option"
            style="pointer-events: all;"
          >
            <div
              class="ui red tiny basic label text"
            >
              Changes needed
            </div>
          </div>
          <div
            aria-checked="false"
            aria-selected="false"
            class="item"
            role="option"
            style="pointer-events: all;"
          >
            <div
              class="ui blue tiny basic label text"
            >
              Processed
            </div>
          </div>
          <div
            aria-checked="false"
            aria-selected="false"
            class="item"
            role="option"
            style="pointer-events: all;"
          >
            <div
              class="ui blue tiny basic label text"
            >
              Updated
            </div>
          </div>
        </div>
      </div>
      <div
        aria-expanded="false"
        class="ui selection dropdown"
        role="listbox"
        tabindex="0"
      >
        <div
          aria-live="polite"
          class="default text"
          role="alert"
        >
          File type
        </div>
        <i
          aria-hidden="true"
          class="dropdown icon"
        />
        <div
          class="menu transition"
        >
          <div
            aria-checked="false"
            aria-selected="true"
            class="selected item"
            role="option"
            style="pointer-events: all;"
          >
            <small
              class="text"
            >
              <i
                aria-hidden="true"
                class="shipping icon"
              />
               Biospecimen Manifest
            </small>
          </div>
          <div
            aria-checked="false"
            aria-selected="false"
            class="item"
            role="option"
            style="pointer-events: all;"
          >
            <small
              class="text"
            >
              <i
                aria-hidden="true"
                class="hospital icon"
              />
               Clinical/Phenotypic Data
            </small>
          </div>
          <div
            aria-checked="false"
            aria-selected="false"
            class="item"
            role="option"
            style="pointer-events: all;"
          >
            <small
              class="text"
            >
              <i
                aria-hidden="true"
                class="dna icon"
              />
               Sequencing Manifest
            </small>
          </div>
          <div
            aria-checked="false"
            aria-selected="false"
            class="item"
            role="option"
            style="pointer-events: all;"
          >
            <small
              class="text"
            >
              <i
                aria-hidden="true"
                class="question icon"
              />
               Other
            </small>
          </div>
        </div>
      </div>
    </div>
    <div
      class="ui basic compact left floated segment noMargin noVerticalPadding noHorizontalPadding"
    >
      <span
        class="smallLabel"
      >
        Sort by:
      </span>
      <div
        aria-expanded="false"
        class="ui selection dropdown"
        role="listbox"
        tabindex="0"
      >
        <div
          aria-live="polite"
          class="default text"
          role="alert"
        >
          Date option
        </div>
        <i
          aria-hidden="true"
          class="dropdown icon"
        />
        <div
          class="menu transition"
        >
          <div
            aria-checked="false"
            aria-selected="true"
            class="selected item"
            role="option"
            style="pointer-events: all;"
          >
            <span
              class="text"
            >
              Create date
            </span>
          </div>
          <div
            aria-checked="false"
            aria-selected="false"
            class="item"
            role="option"
            style="pointer-events: all;"
          >
            <span
              class="text"
            >
              Modified date
            </span>
          </div>
        </div>
      </div>
      <button
        class="ui basic icon button"
        data-testid="sort-direction-button"
      >
        <i
          aria-hidden="true"
          class="sort content ascending icon"
        />
      </button>
    </div>
    <div
      class="ui icon input"
    >
      <input
        type="text"
        value=""
      />
      <i
        aria-hidden="true"
        class="search icon"
      />
    </div>
  </div>
</div>
`;

exports[`renders ListFilterBar with files 2`] = `
<div>
  <div
    class="ui basic clearing segment noHorizontalPadding"
  >
    <div
      class="ui basic compact left floated segment noMargin noVerticalPadding noHorizontalPadding"
    >
      <span
        class="smallLabel"
      >
        Filter by:
      </span>
      <div
        aria-expanded="true"
        class="ui active visible selection dropdown"
        role="listbox"
        tabindex="0"
      >
        <div
          aria-live="polite"
          class="default text"
          role="alert"
        >
          Pending review
        </div>
        <i
          aria-hidden="true"
          class="dropdown icon"
        />
        <div
          class="visible menu transition"
        >
          <div
            aria-checked="false"
            aria-selected="true"
            class="selected item"
            role="option"
            style="pointer-events: all;"
          >
            <div
              class="ui orange tiny basic label text"
            >
              Pending review
            </div>
          </div>
          <div
            aria-checked="false"
            aria-selected="false"
            class="item"
            role="option"
            style="pointer-events: all;"
          >
            <div
              class="ui teal tiny basic label text"
            >
              Approved
            </div>
          </div>
          <div
            aria-checked="false"
            aria-selected="false"
            class="item"
            role="option"
            style="pointer-events: all;"
          >
            <div
              class="ui red tiny basic label text"
            >
              Changes needed
            </div>
          </div>
          <div
            aria-checked="false"
            aria-selected="false"
            class="item"
            role="option"
            style="pointer-events: all;"
          >
            <div
              class="ui blue tiny basic label text"
            >
              Processed
            </div>
          </div>
          <div
            aria-checked="false"
            aria-selected="false"
            class="item"
            role="option"
            style="pointer-events: all;"
          >
            <div
              class="ui blue tiny basic label text"
            >
              Updated
            </div>
          </div>
        </div>
      </div>
      <div
        aria-expanded="false"
        class="ui selection dropdown"
        role="listbox"
        tabindex="0"
      >
        <div
          aria-live="polite"
          class="default text"
          role="alert"
        >
          File type
        </div>
        <i
          aria-hidden="true"
          class="dropdown icon"
        />
        <div
          class="menu transition"
        >
          <div
            aria-checked="false"
            aria-selected="true"
            class="selected item"
            role="option"
            style="pointer-events: all;"
          >
            <small
              class="text"
            >
              <i
                aria-hidden="true"
                class="shipping icon"
              />
               Biospecimen Manifest
            </small>
          </div>
          <div
            aria-checked="false"
            aria-selected="false"
            class="item"
            role="option"
            style="pointer-events: all;"
          >
            <small
              class="text"
            >
              <i
                aria-hidden="true"
                class="hospital icon"
              />
               Clinical/Phenotypic Data
            </small>
          </div>
          <div
            aria-checked="false"
            aria-selected="false"
            class="item"
            role="option"
            style="pointer-events: all;"
          >
            <small
              class="text"
            >
              <i
                aria-hidden="true"
                class="dna icon"
              />
               Sequencing Manifest
            </small>
          </div>
          <div
            aria-checked="false"
            aria-selected="false"
            class="item"
            role="option"
            style="pointer-events: all;"
          >
            <small
              class="text"
            >
              <i
                aria-hidden="true"
                class="question icon"
              />
               Other
            </small>
          </div>
        </div>
      </div>
    </div>
    <div
      class="ui basic compact left floated segment noMargin noVerticalPadding noHorizontalPadding"
    >
      <span
        class="smallLabel"
      >
        Sort by:
      </span>
      <div
        aria-expanded="false"
        class="ui selection dropdown"
        role="listbox"
        tabindex="0"
      >
        <div
          aria-live="polite"
          class="default text"
          role="alert"
        >
          Date option
        </div>
        <i
          aria-hidden="true"
          class="dropdown icon"
        />
        <div
          class="menu transition"
        >
          <div
            aria-checked="false"
            aria-selected="true"
            class="selected item"
            role="option"
            style="pointer-events: all;"
          >
            <span
              class="text"
            >
              Create date
            </span>
          </div>
          <div
            aria-checked="false"
            aria-selected="false"
            class="item"
            role="option"
            style="pointer-events: all;"
          >
            <span
              class="text"
            >
              Modified date
            </span>
          </div>
        </div>
      </div>
      <button
        class="ui basic icon button"
        data-testid="sort-direction-button"
      >
        <i
          aria-hidden="true"
          class="sort content ascending icon"
        />
      </button>
    </div>
    <div
      class="ui icon input"
    >
      <input
        type="text"
        value=""
      />
      <i
        aria-hidden="true"
        class="search icon"
      />
    </div>
  </div>
</div>
`;

exports[`renders ListFilterBar with files 3`] = `
<div>
  <div
    class="ui basic clearing segment noHorizontalPadding"
  >
    <div
      class="ui basic compact left floated segment noMargin noVerticalPadding noHorizontalPadding"
    >
      <span
        class="smallLabel"
      >
        Filter by:
      </span>
      <div
        aria-expanded="false"
        class="ui selection dropdown"
        role="listbox"
        tabindex="0"
      >
        <div
          aria-live="polite"
          class="default text"
          role="alert"
        >
          Approval status
        </div>
        <i
          aria-hidden="true"
          class="dropdown icon"
        />
        <div
          class="menu transition"
        >
          <div
            aria-checked="false"
            aria-selected="true"
            class="selected item"
            role="option"
            style="pointer-events: all;"
          >
            <div
              class="ui orange tiny basic label text"
            >
              Pending review
            </div>
          </div>
          <div
            aria-checked="false"
            aria-selected="false"
            class="item"
            role="option"
            style="pointer-events: all;"
          >
            <div
              class="ui teal tiny basic label text"
            >
              Approved
            </div>
          </div>
          <div
            aria-checked="false"
            aria-selected="false"
            class="item"
            role="option"
            style="pointer-events: all;"
          >
            <div
              class="ui red tiny basic label text"
            >
              Changes needed
            </div>
          </div>
          <div
            aria-checked="false"
            aria-selected="false"
            class="item"
            role="option"
            style="pointer-events: all;"
          >
            <div
              class="ui blue tiny basic label text"
            >
              Processed
            </div>
          </div>
          <div
            aria-checked="false"
            aria-selected="false"
            class="item"
            role="option"
            style="pointer-events: all;"
          >
            <div
              class="ui blue tiny basic label text"
            >
              Updated
            </div>
          </div>
        </div>
      </div>
      <div
        aria-expanded="true"
        class="ui active visible selection dropdown"
        role="listbox"
        tabindex="0"
      >
        <div
          aria-live="polite"
          class="default text"
          role="alert"
        >
          Biospecimen Manifest
        </div>
        <i
          aria-hidden="true"
          class="dropdown icon"
        />
        <div
          class="visible menu transition"
        >
          <div
            aria-checked="false"
            aria-selected="true"
            class="selected item"
            role="option"
            style="pointer-events: all;"
          >
            <small
              class="text"
            >
              <i
                aria-hidden="true"
                class="shipping icon"
              />
               Biospecimen Manifest
            </small>
          </div>
          <div
            aria-checked="false"
            aria-selected="false"
            class="item"
            role="option"
            style="pointer-events: all;"
          >
            <small
              class="text"
            >
              <i
                aria-hidden="true"
                class="hospital icon"
              />
               Clinical/Phenotypic Data
            </small>
          </div>
          <div
            aria-checked="false"
            aria-selected="false"
            class="item"
            role="option"
            style="pointer-events: all;"
          >
            <small
              class="text"
            >
              <i
                aria-hidden="true"
                class="dna icon"
              />
               Sequencing Manifest
            </small>
          </div>
          <div
            aria-checked="false"
            aria-selected="false"
            class="item"
            role="option"
            style="pointer-events: all;"
          >
            <small
              class="text"
            >
              <i
                aria-hidden="true"
                class="question icon"
              />
               Other
            </small>
          </div>
        </div>
      </div>
    </div>
    <div
      class="ui basic compact left floated segment noMargin noVerticalPadding noHorizontalPadding"
    >
      <span
        class="smallLabel"
      >
        Sort by:
      </span>
      <div
        aria-expanded="false"
        class="ui selection dropdown"
        role="listbox"
        tabindex="0"
      >
        <div
          aria-live="polite"
          class="default text"
          role="alert"
        >
          Date option
        </div>
        <i
          aria-hidden="true"
          class="dropdown icon"
        />
        <div
          class="menu transition"
        >
          <div
            aria-checked="false"
            aria-selected="true"
            class="selected item"
            role="option"
            style="pointer-events: all;"
          >
            <span
              class="text"
            >
              Create date
            </span>
          </div>
          <div
            aria-checked="false"
            aria-selected="false"
            class="item"
            role="option"
            style="pointer-events: all;"
          >
            <span
              class="text"
            >
              Modified date
            </span>
          </div>
        </div>
      </div>
      <button
        class="ui basic icon button"
        data-testid="sort-direction-button"
      >
        <i
          aria-hidden="true"
          class="sort content ascending icon"
        />
      </button>
    </div>
    <div
      class="ui icon input"
    >
      <input
        type="text"
        value=""
      />
      <i
        aria-hidden="true"
        class="search icon"
      />
    </div>
  </div>
</div>
`;

exports[`renders ListFilterBar with files 4`] = `
<div>
  <div
    class="ui basic clearing segment noHorizontalPadding"
  >
    <div
      class="ui basic compact left floated segment noMargin noVerticalPadding noHorizontalPadding"
    >
      <span
        class="smallLabel"
      >
        Filter by:
      </span>
      <div
        aria-expanded="false"
        class="ui selection dropdown"
        role="listbox"
        tabindex="0"
      >
        <div
          aria-live="polite"
          class="default text"
          role="alert"
        >
          Approval status
        </div>
        <i
          aria-hidden="true"
          class="dropdown icon"
        />
        <div
          class="menu transition"
        >
          <div
            aria-checked="false"
            aria-selected="true"
            class="selected item"
            role="option"
            style="pointer-events: all;"
          >
            <div
              class="ui orange tiny basic label text"
            >
              Pending review
            </div>
          </div>
          <div
            aria-checked="false"
            aria-selected="false"
            class="item"
            role="option"
            style="pointer-events: all;"
          >
            <div
              class="ui teal tiny basic label text"
            >
              Approved
            </div>
          </div>
          <div
            aria-checked="false"
            aria-selected="false"
            class="item"
            role="option"
            style="pointer-events: all;"
          >
            <div
              class="ui red tiny basic label text"
            >
              Changes needed
            </div>
          </div>
          <div
            aria-checked="false"
            aria-selected="false"
            class="item"
            role="option"
            style="pointer-events: all;"
          >
            <div
              class="ui blue tiny basic label text"
            >
              Processed
            </div>
          </div>
          <div
            aria-checked="false"
            aria-selected="false"
            class="item"
            role="option"
            style="pointer-events: all;"
          >
            <div
              class="ui blue tiny basic label text"
            >
              Updated
            </div>
          </div>
        </div>
      </div>
      <div
        aria-expanded="false"
        class="ui selection dropdown"
        role="listbox"
        tabindex="0"
      >
        <div
          aria-live="polite"
          class="default text"
          role="alert"
        >
          File type
        </div>
        <i
          aria-hidden="true"
          class="dropdown icon"
        />
        <div
          class="menu transition"
        >
          <div
            aria-checked="false"
            aria-selected="true"
            class="selected item"
            role="option"
            style="pointer-events: all;"
          >
            <small
              class="text"
            >
              <i
                aria-hidden="true"
                class="shipping icon"
              />
               Biospecimen Manifest
            </small>
          </div>
          <div
            aria-checked="false"
            aria-selected="false"
            class="item"
            role="option"
            style="pointer-events: all;"
          >
            <small
              class="text"
            >
              <i
                aria-hidden="true"
                class="hospital icon"
              />
               Clinical/Phenotypic Data
            </small>
          </div>
          <div
            aria-checked="false"
            aria-selected="false"
            class="item"
            role="option"
            style="pointer-events: all;"
          >
            <small
              class="text"
            >
              <i
                aria-hidden="true"
                class="dna icon"
              />
               Sequencing Manifest
            </small>
          </div>
          <div
            aria-checked="false"
            aria-selected="false"
            class="item"
            role="option"
            style="pointer-events: all;"
          >
            <small
              class="text"
            >
              <i
                aria-hidden="true"
                class="question icon"
              />
               Other
            </small>
          </div>
        </div>
      </div>
    </div>
    <div
      class="ui basic compact left floated segment noMargin noVerticalPadding noHorizontalPadding"
    >
      <span
        class="smallLabel"
      >
        Sort by:
      </span>
      <div
        aria-expanded="true"
        class="ui active visible selection dropdown"
        role="listbox"
        tabindex="0"
      >
        <div
          aria-live="polite"
          class="default text"
          role="alert"
        >
          Create date
        </div>
        <i
          aria-hidden="true"
          class="dropdown icon"
        />
        <div
          class="visible menu transition"
        >
          <div
            aria-checked="false"
            aria-selected="true"
            class="selected item"
            role="option"
            style="pointer-events: all;"
          >
            <span
              class="text"
            >
              Create date
            </span>
          </div>
          <div
            aria-checked="false"
            aria-selected="false"
            class="item"
            role="option"
            style="pointer-events: all;"
          >
            <span
              class="text"
            >
              Modified date
            </span>
          </div>
        </div>
      </div>
      <button
        class="ui basic icon button"
        data-testid="sort-direction-button"
      >
        <i
          aria-hidden="true"
          class="sort content ascending icon"
        />
      </button>
    </div>
    <div
      class="ui icon input"
    >
      <input
        type="text"
        value=""
      />
      <i
        aria-hidden="true"
        class="search icon"
      />
    </div>
  </div>
</div>
`;

exports[`renders ListFilterBar with files 5`] = `
<div>
  <div
    class="ui basic clearing segment noHorizontalPadding"
  >
    <div
      class="ui basic compact left floated segment noMargin noVerticalPadding noHorizontalPadding"
    >
      <span
        class="smallLabel"
      >
        Filter by:
      </span>
      <div
        aria-expanded="false"
        class="ui selection dropdown"
        role="listbox"
        tabindex="0"
      >
        <div
          aria-live="polite"
          class="default text"
          role="alert"
        >
          Approval status
        </div>
        <i
          aria-hidden="true"
          class="dropdown icon"
        />
        <div
          class="menu transition"
        >
          <div
            aria-checked="false"
            aria-selected="true"
            class="selected item"
            role="option"
            style="pointer-events: all;"
          >
            <div
              class="ui orange tiny basic label text"
            >
              Pending review
            </div>
          </div>
          <div
            aria-checked="false"
            aria-selected="false"
            class="item"
            role="option"
            style="pointer-events: all;"
          >
            <div
              class="ui teal tiny basic label text"
            >
              Approved
            </div>
          </div>
          <div
            aria-checked="false"
            aria-selected="false"
            class="item"
            role="option"
            style="pointer-events: all;"
          >
            <div
              class="ui red tiny basic label text"
            >
              Changes needed
            </div>
          </div>
          <div
            aria-checked="false"
            aria-selected="false"
            class="item"
            role="option"
            style="pointer-events: all;"
          >
            <div
              class="ui blue tiny basic label text"
            >
              Processed
            </div>
          </div>
          <div
            aria-checked="false"
            aria-selected="false"
            class="item"
            role="option"
            style="pointer-events: all;"
          >
            <div
              class="ui blue tiny basic label text"
            >
              Updated
            </div>
          </div>
        </div>
      </div>
      <div
        aria-expanded="false"
        class="ui selection dropdown"
        role="listbox"
        tabindex="0"
      >
        <div
          aria-live="polite"
          class="default text"
          role="alert"
        >
          File type
        </div>
        <i
          aria-hidden="true"
          class="dropdown icon"
        />
        <div
          class="menu transition"
        >
          <div
            aria-checked="false"
            aria-selected="true"
            class="selected item"
            role="option"
            style="pointer-events: all;"
          >
            <small
              class="text"
            >
              <i
                aria-hidden="true"
                class="shipping icon"
              />
               Biospecimen Manifest
            </small>
          </div>
          <div
            aria-checked="false"
            aria-selected="false"
            class="item"
            role="option"
            style="pointer-events: all;"
          >
            <small
              class="text"
            >
              <i
                aria-hidden="true"
                class="hospital icon"
              />
               Clinical/Phenotypic Data
            </small>
          </div>
          <div
            aria-checked="false"
            aria-selected="false"
            class="item"
            role="option"
            style="pointer-events: all;"
          >
            <small
              class="text"
            >
              <i
                aria-hidden="true"
                class="dna icon"
              />
               Sequencing Manifest
            </small>
          </div>
          <div
            aria-checked="false"
            aria-selected="false"
            class="item"
            role="option"
            style="pointer-events: all;"
          >
            <small
              class="text"
            >
              <i
                aria-hidden="true"
                class="question icon"
              />
               Other
            </small>
          </div>
        </div>
      </div>
    </div>
    <div
      class="ui basic compact left floated segment noMargin noVerticalPadding noHorizontalPadding"
    >
      <span
        class="smallLabel"
      >
        Sort by:
      </span>
      <div
        aria-expanded="false"
        class="ui selection dropdown"
        role="listbox"
        tabindex="0"
      >
        <div
          aria-live="polite"
          class="default text"
          role="alert"
        >
          Date option
        </div>
        <i
          aria-hidden="true"
          class="dropdown icon"
        />
        <div
          class="menu transition"
        >
          <div
            aria-checked="false"
            aria-selected="true"
            class="selected item"
            role="option"
            style="pointer-events: all;"
          >
            <span
              class="text"
            >
              Create date
            </span>
          </div>
          <div
            aria-checked="false"
            aria-selected="false"
            class="item"
            role="option"
            style="pointer-events: all;"
          >
            <span
              class="text"
            >
              Modified date
            </span>
          </div>
        </div>
      </div>
      <button
        class="ui basic icon button"
        data-testid="sort-direction-button"
      >
        <i
          aria-hidden="true"
          class="sort content descending icon"
        />
      </button>
    </div>
    <div
      class="ui icon input"
    >
      <input
        type="text"
        value=""
      />
      <i
        aria-hidden="true"
        class="search icon"
      />
    </div>
  </div>
</div>
`;

exports[`renders ListFilterBar with no files 1`] = `
<div>
  <div
    class="ui basic clearing segment noHorizontalPadding"
  >
    <div
      class="ui basic compact left floated segment noMargin noVerticalPadding noHorizontalPadding"
    >
      <span
        class="smallLabel"
      >
        Filter by:
      </span>
      <div
        aria-expanded="false"
        class="ui selection dropdown"
        role="listbox"
        tabindex="0"
      >
        <div
          aria-live="polite"
          class="default text"
          role="alert"
        >
          Approval status
        </div>
        <i
          aria-hidden="true"
          class="dropdown icon"
        />
        <div
          class="menu transition"
        >
          <div
            aria-checked="false"
            aria-selected="true"
            class="selected item"
            role="option"
            style="pointer-events: all;"
          >
            <div
              class="ui orange tiny basic label text"
            >
              Pending review
            </div>
          </div>
          <div
            aria-checked="false"
            aria-selected="false"
            class="item"
            role="option"
            style="pointer-events: all;"
          >
            <div
              class="ui teal tiny basic label text"
            >
              Approved
            </div>
          </div>
          <div
            aria-checked="false"
            aria-selected="false"
            class="item"
            role="option"
            style="pointer-events: all;"
          >
            <div
              class="ui red tiny basic label text"
            >
              Changes needed
            </div>
          </div>
          <div
            aria-checked="false"
            aria-selected="false"
            class="item"
            role="option"
            style="pointer-events: all;"
          >
            <div
              class="ui blue tiny basic label text"
            >
              Processed
            </div>
          </div>
          <div
            aria-checked="false"
            aria-selected="false"
            class="item"
            role="option"
            style="pointer-events: all;"
          >
            <div
              class="ui blue tiny basic label text"
            >
              Updated
            </div>
          </div>
        </div>
      </div>
      <div
        aria-expanded="false"
        class="ui selection dropdown"
        role="listbox"
        tabindex="0"
      >
        <div
          aria-live="polite"
          class="default text"
          role="alert"
        >
          File type
        </div>
        <i
          aria-hidden="true"
          class="dropdown icon"
        />
        <div
          class="menu transition"
        >
          <div
            aria-checked="false"
            aria-selected="true"
            class="selected item"
            role="option"
            style="pointer-events: all;"
          >
            <small
              class="text"
            >
              <i
                aria-hidden="true"
                class="shipping icon"
              />
               Biospecimen Manifest
            </small>
          </div>
          <div
            aria-checked="false"
            aria-selected="false"
            class="item"
            role="option"
            style="pointer-events: all;"
          >
            <small
              class="text"
            >
              <i
                aria-hidden="true"
                class="hospital icon"
              />
               Clinical/Phenotypic Data
            </small>
          </div>
          <div
            aria-checked="false"
            aria-selected="false"
            class="item"
            role="option"
            style="pointer-events: all;"
          >
            <small
              class="text"
            >
              <i
                aria-hidden="true"
                class="dna icon"
              />
               Sequencing Manifest
            </small>
          </div>
          <div
            aria-checked="false"
            aria-selected="false"
            class="item"
            role="option"
            style="pointer-events: all;"
          >
            <small
              class="text"
            >
              <i
                aria-hidden="true"
                class="question icon"
              />
               Other
            </small>
          </div>
        </div>
      </div>
    </div>
    <div
      class="ui basic compact left floated segment noMargin noVerticalPadding noHorizontalPadding"
    >
      <span
        class="smallLabel"
      >
        Sort by:
      </span>
      <div
        aria-expanded="false"
        class="ui selection dropdown"
        role="listbox"
        tabindex="0"
      >
        <div
          aria-live="polite"
          class="default text"
          role="alert"
        >
          Date option
        </div>
        <i
          aria-hidden="true"
          class="dropdown icon"
        />
        <div
          class="menu transition"
        >
          <div
            aria-checked="false"
            aria-selected="true"
            class="selected item"
            role="option"
            style="pointer-events: all;"
          >
            <span
              class="text"
            >
              Create date
            </span>
          </div>
          <div
            aria-checked="false"
            aria-selected="false"
            class="item"
            role="option"
            style="pointer-events: all;"
          >
            <span
              class="text"
            >
              Modified date
            </span>
          </div>
        </div>
      </div>
      <button
        class="ui basic icon button"
        data-testid="sort-direction-button"
      >
        <i
          aria-hidden="true"
          class="sort content ascending icon"
        />
      </button>
    </div>
    <div
      class="ui icon input"
    >
      <input
        type="text"
        value=""
      />
      <i
        aria-hidden="true"
        class="search icon"
      />
    </div>
  </div>
</div>
`;
