// Jest Snapshot v1, https://goo.gl/fbAQLP

exports[`renders with more than one versions 1`] = `
<div>
  <table
    class="ui selectable very compact table"
  >
    <thead
      class=""
    >
      <tr
        class=""
      >
        <th
          class="single line center aligned bottom aligned"
          colspan="3"
        >
          Document Versions (
          3
          )
        </th>
      </tr>
    </thead>
    <tbody
      class=""
    >
      <tr
        class="version--item"
      >
        <td
          class="collapsing"
        >
          <div
            class="ui orange tiny basic ribbon label"
            title="Latest Version"
          >
            Pending review
          </div>
        </td>
        <td
          class=""
        >
          <p
            title="VersionFileName.js"
          >
            <b>
              VersionFileName.js
            </b>
          </p>
          <p
            data-testid="version-item"
            title="version description"
          >
            <small>
              version description
            </small>
          </p>
        </td>
        <td
          class="collapsing right aligned top aligned"
        >
          <div
            class="ui mini basic image label"
          >
            <img
              alt="xuzhu"
              src="https://lh5.googleusercontent.com/-zxrKRZrDo9w/AAAAAAAAAAI/AAAAAAAAABI/49brkBWBNdQ/photo.jpg"
            />
            <time
              datetime="2018-09-27T05:32:26.000Z"
              title="27 Sept 2018"
            >
              7 months ago
            </time>
          </div>
          <button
            class="ui mini basic label"
          >
            <i
              aria-hidden="true"
              class="download icon"
            />
            5.5 kB
          </button>
        </td>
      </tr>
      <tr
        class="version--item"
      >
        <td
          class="center aligned middle aligned"
        >
          <div
            class="ui orange mini circular empty label"
          />
        </td>
        <td
          class=""
        >
          <p
            title="VersionFileName.js"
          >
            <b>
              VersionFileName.js
            </b>
          </p>
          <p
            data-testid="version-item"
            title="version description"
          >
            <small>
              version description
            </small>
          </p>
        </td>
        <td
          class="collapsing right aligned top aligned"
        >
          <div
            class="ui mini basic image label"
          >
            <img
              alt="xuzhu"
              src="https://lh5.googleusercontent.com/-zxrKRZrDo9w/AAAAAAAAAAI/AAAAAAAAABI/49brkBWBNdQ/photo.jpg"
            />
            <time
              datetime="2018-08-21T03:16:11.000Z"
              title="21 Aug 2018"
            >
              8 months ago
            </time>
          </div>
          <button
            class="ui mini basic label"
          >
            <i
              aria-hidden="true"
              class="download icon"
            />
            9.9 kB
          </button>
        </td>
      </tr>
      <tr
        class="version--item"
      >
        <td
          class="center aligned middle aligned"
        >
          <div
            class="ui orange mini circular empty label"
          />
        </td>
        <td
          class=""
        >
          <p
            title="VersionFileName.js"
          >
            <b>
              VersionFileName.js
            </b>
          </p>
          <p
            data-testid="version-item"
            title="version description"
          >
            <small>
              version description
            </small>
          </p>
        </td>
        <td
          class="collapsing right aligned top aligned"
        >
          <div
            class="ui mini basic image label"
          >
            <img
              alt="xuzhu"
              src="https://lh5.googleusercontent.com/-zxrKRZrDo9w/AAAAAAAAAAI/AAAAAAAAABI/49brkBWBNdQ/photo.jpg"
            />
            <time
              datetime="2017-08-25T00:05:30.000Z"
              title="25 Aug 2017"
            >
              2 years ago
            </time>
          </div>
          <button
            class="ui mini basic label"
          >
            <i
              aria-hidden="true"
              class="download icon"
            />
            5.4 kB
          </button>
        </td>
      </tr>
    </tbody>
  </table>
</div>
`;

exports[`renders with no versions 1`] = `
<div>
  <table
    class="ui selectable very compact table"
  >
    <thead
      class=""
    >
      <tr
        class=""
      >
        <th
          class="single line center aligned bottom aligned"
          colspan="3"
        >
          Document Versions (
          0
          )
        </th>
      </tr>
    </thead>
    <tbody
      class=""
    >
      <tr
        class=""
      >
        <td
          class="center aligned"
          colspan="3"
        >
          You don't have any versions of this file yet.
        </td>
      </tr>
    </tbody>
  </table>
</div>
`;
