// Jest Snapshot v1, https://goo.gl/fbAQLP

exports[`renders bucket listing 1`] = `
<div>
  <div
    class="ui divided list"
    role="list"
  >
    <div
      class="item"
      role="listitem"
    >
      <div
        class="content"
      >
        <div
          class="right floated content"
        >
          <div
            class="ui tiny right aligned header header"
          >
            SD_YWODLJ00
          </div>
          <div
            class="description"
          >
            facilitate open-source users
          </div>
        </div>
        <div
          class="header"
        >
          harness
        </div>
        <div
          class="description"
        >
          <div
            class="ui bulleted horizontal list"
            role="list"
          >
            <div
              class="item"
              role="listitem"
            >
              Created 
              <time
                datetime="2020-02-26T02:29:09.000Z"
                title="2020-02-26T02:29:09+00:00"
              >
                10 months from now
              </time>
            </div>
          </div>
        </div>
      </div>
    </div>
    <div
      class="item"
      role="listitem"
    >
      <div
        class="content"
      >
        <div
          class="right floated content"
        >
          <div
            class="ui tiny right aligned header header"
          >
            SD_YWODLJ0O
          </div>
          <div
            class="description"
          >
            facilitate open-source users
          </div>
        </div>
        <div
          class="header"
        >
          harness sticky technologies
        </div>
        <div
          class="description"
        >
          <div
            class="ui bulleted horizontal list"
            role="list"
          >
            <div
              class="item"
              role="listitem"
            >
              Created 
              <time
                datetime="2020-02-26T02:29:09.000Z"
                title="2020-02-26T02:29:09+00:00"
              >
                10 months from now
              </time>
            </div>
          </div>
        </div>
      </div>
    </div>
    <div
      class="item"
      role="listitem"
    >
      <div
        class="content"
      >
        <div
          class="header"
        >
          harness sticky technologies
        </div>
        <div
          class="description"
        >
          <div
            class="ui bulleted horizontal list"
            role="list"
          >
            <div
              class="item"
              role="listitem"
            >
              Created 
              <time
                datetime="2020-02-26T02:29:09.000Z"
                title="2020-02-26T02:29:09+00:00"
              >
                10 months from now
              </time>
            </div>
          </div>
        </div>
      </div>
    </div>
    <div
      class="item"
      role="listitem"
    >
      <div
        class="content"
      >
        <div
          class="header"
        >
          iterate impactful info-mediaries
        </div>
        <div
          class="description"
        >
          <div
            class="ui bulleted horizontal list"
            role="list"
          >
            <div
              class="item"
              role="listitem"
            >
              Created 
              <time
                datetime="2019-10-09T17:07:31.000Z"
                title="2019-10-09T17:07:31+00:00"
              >
                6 months from now
              </time>
            </div>
          </div>
        </div>
      </div>
    </div>
    <div
      class="disabled item"
      role="listitem"
    >
      <div
        class="content"
      >
        <div
          class="right floated content"
        >
          <div
            class="ui tiny right aligned header header"
          >
            SD_ZV2X134V
          </div>
          <div
            class="description"
          >
            optimize 24/7 bandwidth
          </div>
        </div>
        <div
          class="header"
        >
          syndicate dot-com content
        </div>
        <div
          class="description"
        >
          <div
            class="ui bulleted horizontal list"
            role="list"
          >
            <div
              class="item"
              role="listitem"
            >
              Created 
              <time
                datetime="2019-11-28T13:07:34.000Z"
                title="2019-11-28T13:07:34+00:00"
              >
                7 months from now
              </time>
            </div>
            <div
              class="item"
              role="listitem"
            >
              <i
                aria-hidden="true"
                class="red warning fitted icon"
              />
               Deleted
            </div>
          </div>
        </div>
      </div>
    </div>
  </div>
</div>
`;

exports[`renders empty bucket listing 1`] = `
<div>
  <div
    class="ui divided list"
    role="list"
  />
</div>
`;
