// Jest Snapshot v1, https://goo.gl/fbAQLP

exports[`release version correctly 1`] = `
<div>
  <td
    class="single line one wide"
  >
    <a
      href="undefined/releases/RE_FXR1JBZA"
    >
      3.64.0 
      <i
        class="icons"
      >
        <i
          aria-hidden="true"
          class="tag icon"
        />
        <i
          aria-hidden="true"
          class="external top right corner icon"
        />
      </i>
    </a>
  </td>
</div>
`;
