// Jest Snapshot v1, https://goo.gl/fbAQLP

exports[`renders correctly 1`] = `
<div>
  <div
    class="ui basic segment ui container stackable grid"
  >
    <div
      class="eleven wide computer eight wide tablet column"
    >
      <h1
        class="ui header"
      >
        Your Studies
      </h1>
    </div>
    <div
      class="stretched right aligned middle aligned five wide computer eight wide tablet column"
    >
      <div
        class="ui buttons"
      >
        <button
          class="ui icon primary left labeled button"
          tabindex="0"
        >
          <i
            aria-hidden="true"
            class="grid layout icon"
          />
          Grid
        </button>
        <button
          class="ui icon left labeled button"
          tabindex="0"
        >
          <i
            aria-hidden="true"
            class="list icon"
          />
          List
        </button>
      </div>
    </div>
    <div
      class="row"
    >
      <div
        class="column"
      >
        <div
          class="ui stackable four cards"
        >
          <a
            class="ui card"
            href="/study/SD_8WX8QQ06/documents"
          >
            <div
              class="content"
            >
              <div
                class="header"
              >
                SD_8WX8QQ06
              </div>
              <div
                class="description"
              >
                benchmark extensible e-business
              </div>
            </div>
            <div
              class="extra content"
            >
              <div
                class="ui horizontal list"
                role="list"
              >
                <div
                  class="item"
                  role="listitem"
                >
                  <i
                    aria-hidden="true"
                    class="file icon"
                  />
                  1
                   files
                </div>
                <div
                  class="item"
                  role="listitem"
                >
                  <div
                    class="ui orange mini circular empty label"
                  />
                   
                  1
                </div>
              </div>
            </div>
          </a>
          <a
            class="ui card"
            href="/study/SD_I1L92W57/documents"
          >
            <div
              class="content"
            >
              <div
                class="header"
              >
                SD_I1L92W57
              </div>
              <div
                class="description"
              >
                visualize dynamic users
              </div>
            </div>
            <div
              class="extra content"
            >
              <div
                class="ui horizontal list"
                role="list"
              >
                <div
                  class="item"
                  role="listitem"
                >
                  <i
                    aria-hidden="true"
                    class="file icon"
                  />
                  0
                   files
                </div>
              </div>
            </div>
          </a>
          <a
            class="ui card"
            href="/study/SD_SG5N41K8/documents"
          >
            <div
              class="content"
            >
              <div
                class="header"
              >
                SD_SG5N41K8
              </div>
              <div
                class="description"
              >
                strategize cross-media markets
              </div>
            </div>
            <div
              class="extra content"
            >
              <div
                class="ui horizontal list"
                role="list"
              >
                <div
                  class="item"
                  role="listitem"
                >
                  <i
                    aria-hidden="true"
                    class="file icon"
                  />
                  0
                   files
                </div>
              </div>
            </div>
          </a>
          <a
            class="ui card"
            href="/study/SD_0YYP5ZEN/documents"
          >
            <div
              class="content"
            >
              <div
                class="header"
              >
                SD_0YYP5ZEN
              </div>
              <div
                class="description"
              >
                drive distributed architectures
              </div>
            </div>
            <div
              class="extra content"
            >
              <div
                class="ui horizontal list"
                role="list"
              >
                <div
                  class="item"
                  role="listitem"
                >
                  <i
                    aria-hidden="true"
                    class="file icon"
                  />
                  0
                   files
                </div>
              </div>
            </div>
          </a>
        </div>
      </div>
    </div>
  </div>
</div>
`;

exports[`renders loading state 1`] = `
<div>
  <div
    class="ui basic segment ui container"
  >
    <div
      class="ui basic segment ui container"
    >
      <div
        class="ui placeholder"
      >
        <div
          class="header"
        >
          <div
            class="line"
          />
        </div>
      </div>
    </div>
    <div
      class="ui stackable four cards"
    >
      <div
        class="ui card"
      >
        <div
          class="content"
        >
          <div
            class="ui placeholder"
          >
            <div
              class="header"
            >
              <div
                class="line"
              />
            </div>
            <div
              class="paragraph"
            >
              <div
                class="line long"
              />
            </div>
          </div>
        </div>
        <div
          class="extra content"
        >
          <div
            class="ui placeholder"
          >
            <div
              class="paragraph"
            >
              <div
                class="line short"
              />
            </div>
          </div>
        </div>
      </div>
      <div
        class="ui card"
      >
        <div
          class="content"
        >
          <div
            class="ui placeholder"
          >
            <div
              class="header"
            >
              <div
                class="line"
              />
            </div>
            <div
              class="paragraph"
            >
              <div
                class="line long"
              />
            </div>
          </div>
        </div>
        <div
          class="extra content"
        >
          <div
            class="ui placeholder"
          >
            <div
              class="paragraph"
            >
              <div
                class="line short"
              />
            </div>
          </div>
        </div>
      </div>
      <div
        class="ui card"
      >
        <div
          class="content"
        >
          <div
            class="ui placeholder"
          >
            <div
              class="header"
            >
              <div
                class="line"
              />
            </div>
            <div
              class="paragraph"
            >
              <div
                class="line long"
              />
            </div>
          </div>
        </div>
        <div
          class="extra content"
        >
          <div
            class="ui placeholder"
          >
            <div
              class="paragraph"
            >
              <div
                class="line short"
              />
            </div>
          </div>
        </div>
      </div>
      <div
        class="ui card"
      >
        <div
          class="content"
        >
          <div
            class="ui placeholder"
          >
            <div
              class="header"
            >
              <div
                class="line"
              />
            </div>
            <div
              class="paragraph"
            >
              <div
                class="line long"
              />
            </div>
          </div>
        </div>
        <div
          class="extra content"
        >
          <div
            class="ui placeholder"
          >
            <div
              class="paragraph"
            >
              <div
                class="line short"
              />
            </div>
          </div>
        </div>
      </div>
    </div>
  </div>
</div>
`;
