// Jest Snapshot v1, https://goo.gl/fbAQLP

exports[`renders correctly 1`] = `
Object {
  "asFragment": [Function],
  "baseElement": <body>
    <div>
      <form
        class="Form"
      >
        <section
          class="grid-container mx-auto grid-container--collapsed-rows"
        >
          <label
            class="row-1 cell-3 text-right Form--Label Form--Label-required"
            for="file_name"
          >
            Document Title:
          </label>
          <input
            class="Form--Input row-1 cell-7"
            data-testid="name-input"
            name="file_name"
            placeholder=""
            type="text"
            value=""
          />
          <label
            class="row-2 cell-3 text-right Form--Label Form--Label-required"
            for="file_type"
          >
            Document Type:
          </label>
          <fieldset
            class="row-2 cell-7 md:cell-7"
            name="file_type"
          >
            <label
              class="SelectElement"
            >
              <input
                class="border m-16"
                name="SHM"
                type="radio"
                value="SHM"
              />
              <div
                class="SelectElement--Icon"
              />
              <div>
                <p
                  class="m-0 font-bold font-sm"
                >
                  Shipping Manifest
                </p>
                <span
                  class="font-normal text-grey text-xs"
                >
                  File type description gose here...
                </span>
              </div>
            </label>
            <label
              class="SelectElement"
            >
              <input
                class="border m-16"
                name="CLN"
                type="radio"
                value="CLN"
              />
              <div
                class="SelectElement--Icon"
              />
              <div>
                <p
                  class="m-0 font-bold font-sm"
                >
                  Clinical/Phenotype Data
                </p>
                <span
                  class="font-normal text-grey text-xs"
                >
                  File type description gose here...
                </span>
              </div>
            </label>
            <label
              class="SelectElement"
            >
              <input
                class="border m-16"
                name="SEQ"
                type="radio"
                value="SEQ"
              />
              <div
                class="SelectElement--Icon"
              />
              <div>
                <p
                  class="m-0 font-bold font-sm"
                >
                  Sequencing Manifest
                </p>
                <span
                  class="font-normal text-grey text-xs"
                >
                  File type description gose here...
                </span>
              </div>
            </label>
            <label
              class="SelectElement"
            >
              <input
                class="border m-16"
                name="OTH"
                type="radio"
                value="OTH"
              />
              <div
                class="SelectElement--Icon"
              />
              <div>
                <p
                  class="m-0 font-bold font-sm"
                >
                  Other
                </p>
                <span
                  class="font-normal text-grey text-xs"
                >
                  File type description gose here...
                </span>
              </div>
            </label>
          </fieldset>
          <label
            class="row-3 cell-3 text-right Form--Label Form--Label-required"
            for="description"
          >
            Describe document contents:
          </label>
          <textarea
            class="Form--TextArea row-3 cell-7"
            data-testid="description-input"
            name="description"
            placeholder=""
            type="text"
          />
          <div
            class="row-4 cell-12 Form--Actions"
          >
            <button
              class="Button Button--default"
              type="button"
            >
              Cancel
            </button>
            <button
              class="Button Button--default Button--primary"
              disabled=""
              type="submit"
            >
              UPLOAD
            </button>
          </div>
        </section>
      </form>
    </div>
  </body>,
  "container": <div>
    <form
      class="Form"
    >
      <section
        class="grid-container mx-auto grid-container--collapsed-rows"
      >
        <label
          class="row-1 cell-3 text-right Form--Label Form--Label-required"
          for="file_name"
        >
          Document Title:
        </label>
        <input
          class="Form--Input row-1 cell-7"
          data-testid="name-input"
          name="file_name"
          placeholder=""
          type="text"
          value=""
        />
        <label
          class="row-2 cell-3 text-right Form--Label Form--Label-required"
          for="file_type"
        >
          Document Type:
        </label>
        <fieldset
          class="row-2 cell-7 md:cell-7"
          name="file_type"
        >
          <label
            class="SelectElement"
          >
            <input
              class="border m-16"
              name="SHM"
              type="radio"
              value="SHM"
            />
            <div
              class="SelectElement--Icon"
            />
            <div>
              <p
                class="m-0 font-bold font-sm"
              >
                Shipping Manifest
              </p>
              <span
                class="font-normal text-grey text-xs"
              >
                File type description gose here...
              </span>
            </div>
          </label>
          <label
            class="SelectElement"
          >
            <input
              class="border m-16"
              name="CLN"
              type="radio"
              value="CLN"
            />
            <div
              class="SelectElement--Icon"
            />
            <div>
              <p
                class="m-0 font-bold font-sm"
              >
                Clinical/Phenotype Data
              </p>
              <span
                class="font-normal text-grey text-xs"
              >
                File type description gose here...
              </span>
            </div>
          </label>
          <label
            class="SelectElement"
          >
            <input
              class="border m-16"
              name="SEQ"
              type="radio"
              value="SEQ"
            />
            <div
              class="SelectElement--Icon"
            />
            <div>
              <p
                class="m-0 font-bold font-sm"
              >
                Sequencing Manifest
              </p>
              <span
                class="font-normal text-grey text-xs"
              >
                File type description gose here...
              </span>
            </div>
          </label>
          <label
            class="SelectElement"
          >
            <input
              class="border m-16"
              name="OTH"
              type="radio"
              value="OTH"
            />
            <div
              class="SelectElement--Icon"
            />
            <div>
              <p
                class="m-0 font-bold font-sm"
              >
                Other
              </p>
              <span
                class="font-normal text-grey text-xs"
              >
                File type description gose here...
              </span>
            </div>
          </label>
        </fieldset>
        <label
          class="row-3 cell-3 text-right Form--Label Form--Label-required"
          for="description"
        >
          Describe document contents:
        </label>
        <textarea
          class="Form--TextArea row-3 cell-7"
          data-testid="description-input"
          name="description"
          placeholder=""
          type="text"
        />
        <div
          class="row-4 cell-12 Form--Actions"
        >
          <button
            class="Button Button--default"
            type="button"
          >
            Cancel
          </button>
          <button
            class="Button Button--default Button--primary"
            disabled=""
            type="submit"
          >
            UPLOAD
          </button>
        </div>
      </section>
    </form>
  </div>,
  "debug": [Function],
  "findAllByAltText": [Function],
  "findAllByDisplayValue": [Function],
  "findAllByLabelText": [Function],
  "findAllByPlaceholderText": [Function],
  "findAllByRole": [Function],
  "findAllByTestId": [Function],
  "findAllByText": [Function],
  "findAllByTitle": [Function],
  "findByAltText": [Function],
  "findByDisplayValue": [Function],
  "findByLabelText": [Function],
  "findByPlaceholderText": [Function],
  "findByRole": [Function],
  "findByTestId": [Function],
  "findByText": [Function],
  "findByTitle": [Function],
  "getAllByAltText": [Function],
  "getAllByDisplayValue": [Function],
  "getAllByLabelText": [Function],
  "getAllByPlaceholderText": [Function],
  "getAllByRole": [Function],
  "getAllBySelectText": [Function],
  "getAllByTestId": [Function],
  "getAllByText": [Function],
  "getAllByTitle": [Function],
  "getAllByValue": [Function],
  "getByAltText": [Function],
  "getByDisplayValue": [Function],
  "getByLabelText": [Function],
  "getByPlaceholderText": [Function],
  "getByRole": [Function],
  "getBySelectText": [Function],
  "getByTestId": [Function],
  "getByText": [Function],
  "getByTitle": [Function],
  "getByValue": [Function],
  "queryAllByAltText": [Function],
  "queryAllByDisplayValue": [Function],
  "queryAllByLabelText": [Function],
  "queryAllByPlaceholderText": [Function],
  "queryAllByRole": [Function],
  "queryAllBySelectText": [Function],
  "queryAllByTestId": [Function],
  "queryAllByText": [Function],
  "queryAllByTitle": [Function],
  "queryAllByValue": [Function],
  "queryByAltText": [Function],
  "queryByDisplayValue": [Function],
  "queryByLabelText": [Function],
  "queryByPlaceholderText": [Function],
  "queryByRole": [Function],
  "queryBySelectText": [Function],
  "queryByTestId": [Function],
  "queryByText": [Function],
  "queryByTitle": [Function],
  "queryByValue": [Function],
  "rerender": [Function],
  "unmount": [Function],
}
`;
